1,Cubic_engine.v,84,Bicubic.cubic_engine.X[2][0],Bicubic.cubic_engine.\X_reg[2][0]_1 .Q (File: Cubic_engine.v Line: 150),Bicubic.cubic_engine.\X_reg[2][0] .Q (File: Cubic_engine.v Line: 84)
2,Cubic_engine.v,84,Bicubic.cubic_engine.X[2][1],Bicubic.cubic_engine.\X_reg[2][1]_1 .Q (File: Cubic_engine.v Line: 150),Bicubic.cubic_engine.\X_reg[2][1] .Q (File: Cubic_engine.v Line: 84)
3,Cubic_engine.v,84,Bicubic.cubic_engine.X[2][2],Bicubic.cubic_engine.\X_reg[2][2]_1 .Q (File: Cubic_engine.v Line: 150),Bicubic.cubic_engine.\X_reg[2][2] .Q (File: Cubic_engine.v Line: 84)
4,Cubic_engine.v,84,Bicubic.cubic_engine.X[2][3],Bicubic.cubic_engine.\X_reg[2][3]_1 .Q (File: Cubic_engine.v Line: 150),Bicubic.cubic_engine.\X_reg[2][3] .Q (File: Cubic_engine.v Line: 84)
5,Cubic_engine.v,84,Bicubic.cubic_engine.X[2][4],Bicubic.cubic_engine.\X_reg[2][4]_1 .Q (File: Cubic_engine.v Line: 150),Bicubic.cubic_engine.\X_reg[2][4] .Q (File: Cubic_engine.v Line: 84)
6,Cubic_engine.v,84,Bicubic.cubic_engine.X[2][5],Bicubic.cubic_engine.\X_reg[2][5]_1 .Q (File: Cubic_engine.v Line: 150),Bicubic.cubic_engine.\X_reg[2][5] .Q (File: Cubic_engine.v Line: 84)
7,Cubic_engine.v,84,Bicubic.cubic_engine.X[2][6],Bicubic.cubic_engine.\X_reg[2][6]_1 .Q (File: Cubic_engine.v Line: 150),Bicubic.cubic_engine.\X_reg[2][6] .Q (File: Cubic_engine.v Line: 84)
8,Cubic_engine.v,84,Bicubic.cubic_engine.X[2][7],Bicubic.cubic_engine.\X_reg[2][7]_1 .Q (File: Cubic_engine.v Line: 150),Bicubic.cubic_engine.\X_reg[2][7] .Q (File: Cubic_engine.v Line: 84)
9,Cubic_engine.v,83,Bicubic.cubic_engine.X[1][0],Bicubic.cubic_engine.\X_reg[1][0]_1 .Q (File: Cubic_engine.v Line: 150),Bicubic.cubic_engine.\X_reg[1][0] .Q (File: Cubic_engine.v Line: 83)
10,Cubic_engine.v,83,Bicubic.cubic_engine.X[1][1],Bicubic.cubic_engine.\X_reg[1][1]_1 .Q (File: Cubic_engine.v Line: 150),Bicubic.cubic_engine.\X_reg[1][1] .Q (File: Cubic_engine.v Line: 83)
11,Cubic_engine.v,83,Bicubic.cubic_engine.X[1][2],Bicubic.cubic_engine.\X_reg[1][2]_1 .Q (File: Cubic_engine.v Line: 150),Bicubic.cubic_engine.\X_reg[1][2] .Q (File: Cubic_engine.v Line: 83)
12,Cubic_engine.v,83,Bicubic.cubic_engine.X[1][3],Bicubic.cubic_engine.\X_reg[1][3]_1 .Q (File: Cubic_engine.v Line: 150),Bicubic.cubic_engine.\X_reg[1][3] .Q (File: Cubic_engine.v Line: 83)
13,Cubic_engine.v,83,Bicubic.cubic_engine.X[1][4],Bicubic.cubic_engine.\X_reg[1][4]_1 .Q (File: Cubic_engine.v Line: 150),Bicubic.cubic_engine.\X_reg[1][4] .Q (File: Cubic_engine.v Line: 83)
14,Cubic_engine.v,83,Bicubic.cubic_engine.X[1][5],Bicubic.cubic_engine.\X_reg[1][5]_1 .Q (File: Cubic_engine.v Line: 150),Bicubic.cubic_engine.\X_reg[1][5] .Q (File: Cubic_engine.v Line: 83)
15,Cubic_engine.v,83,Bicubic.cubic_engine.X[1][6],Bicubic.cubic_engine.\X_reg[1][6]_1 .Q (File: Cubic_engine.v Line: 150),Bicubic.cubic_engine.\X_reg[1][6] .Q (File: Cubic_engine.v Line: 83)
16,Cubic_engine.v,83,Bicubic.cubic_engine.X[1][7],Bicubic.cubic_engine.\X_reg[1][7]_1 .Q (File: Cubic_engine.v Line: 150),Bicubic.cubic_engine.\X_reg[1][7] .Q (File: Cubic_engine.v Line: 83)
17,Cubic_engine.v,82,Bicubic.cubic_engine.X[0][0],Bicubic.cubic_engine.\X_reg[0][0]_1 .Q (File: Cubic_engine.v Line: 150),Bicubic.cubic_engine.\X_reg[0][0] .Q (File: Cubic_engine.v Line: 82)
18,Cubic_engine.v,82,Bicubic.cubic_engine.X[0][1],Bicubic.cubic_engine.\X_reg[0][1]_1 .Q (File: Cubic_engine.v Line: 150),Bicubic.cubic_engine.\X_reg[0][1] .Q (File: Cubic_engine.v Line: 82)
19,Cubic_engine.v,82,Bicubic.cubic_engine.X[0][2],Bicubic.cubic_engine.\X_reg[0][2]_1 .Q (File: Cubic_engine.v Line: 150),Bicubic.cubic_engine.\X_reg[0][2] .Q (File: Cubic_engine.v Line: 82)
20,Cubic_engine.v,82,Bicubic.cubic_engine.X[0][3],Bicubic.cubic_engine.\X_reg[0][3]_1 .Q (File: Cubic_engine.v Line: 150),Bicubic.cubic_engine.\X_reg[0][3] .Q (File: Cubic_engine.v Line: 82)
21,Cubic_engine.v,82,Bicubic.cubic_engine.X[0][4],Bicubic.cubic_engine.\X_reg[0][4]_1 .Q (File: Cubic_engine.v Line: 150),Bicubic.cubic_engine.\X_reg[0][4] .Q (File: Cubic_engine.v Line: 82)
22,Cubic_engine.v,82,Bicubic.cubic_engine.X[0][5],Bicubic.cubic_engine.\X_reg[0][5]_1 .Q (File: Cubic_engine.v Line: 150),Bicubic.cubic_engine.\X_reg[0][5] .Q (File: Cubic_engine.v Line: 82)
23,Cubic_engine.v,82,Bicubic.cubic_engine.X[0][6],Bicubic.cubic_engine.\X_reg[0][6]_1 .Q (File: Cubic_engine.v Line: 150),Bicubic.cubic_engine.\X_reg[0][6] .Q (File: Cubic_engine.v Line: 82)
24,Cubic_engine.v,82,Bicubic.cubic_engine.X[0][7],Bicubic.cubic_engine.\X_reg[0][7]_1 .Q (File: Cubic_engine.v Line: 150),Bicubic.cubic_engine.\X_reg[0][7] .Q (File: Cubic_engine.v Line: 82)
